]0;~/Documents/UBC/R_projects/LDP_SEADYN[?1034hAmelias-MacBook-Pro-3:LDP_SEADYN Amelia$ [KAmelias-MacBook-Pro-3:LDP_SEADYN Amelia$ git remote add orii[Kgin httpls://github .com/avhesketh/LDP_SEADYN.git
fatal: remote origin already exists.
]0;~/Documents/UBC/R_projects/LDP_SEADYNAmelias-MacBook-Pro-3:LDP_SEADYN Amelia$ git init
Initialized empty Git repository in /Users/Amelia/Documents/UBC/R_projects/LDP_SEADYN/.git/
]0;~/Documents/UBC/R_projects/LDP_SEADYNAmelias-MacBook-Pro-3:LDP_SEADYN Amelia$ git commit -m "first commit'[K"
On branch master

Initial commit

Untracked files:
	[31m.DS_Store[m
	[31m.Rproj.user/[m
	[31mBryoidSurvey/[m
	[31mHondoStandInfo/[m
	[31mLDP_SEADYN.Rproj[m
	[31mTreeDensiometerCover/[m
	[31mTreeDynamics/[m
	[31mVascularPlantSurvey/[m

nothing added to commit but untracked files present
]0;~/Documents/UBC/R_projects/LDP_SEADYNAmelias-MacBook-Pro-3:LDP_SEADYN Amelia$ git remote add origin [K[K[K[K[K[K[K[K[K[K[K[K[K[K[K[K[K[K[K[K[Kit removte add origin [K[K[K[K[K[K[K[K[K[K[K[K[K[K[K[Kote add origin https://github. com/avhesketh/LDP_SEADYN.git
]0;~/Documents/UBC/R_projects/LDP_SEADYNAmelias-MacBook-Pro-3:LDP_SEADYN Amelia$ git push -u oriring M[Kmain[K[K[K[K[K[K[K[K[K[K[K[K[K origin main
error: src refspec main does not match any.
[31merror: failed to push some refs to 'https://github.com/avhesketh/LDP_SEADYN.git'
[m]0;~/Documents/UBC/R_projects/LDP_SEADYNAmelias-MacBook-Pro-3:LDP_SEADYN Amelia$ git status
On branch master

No commits yet

Untracked files:
  (use "git add <file>..." to include in what will be committed)

	[31m.DS_Store[m
	[31m.Rproj.user/[m
	[31mBryoidSurvey/[m
	[31mHondoStandInfo/[m
	[31mLDP_SEADYN.Rproj[m
	[31mTreeDensiometerCover/[m
	[31mTreeDynamics/[m
	[31mVascularPlantSurvey/[m

nothing added to commit but untracked files present (use "git add" to track)
]0;~/Documents/UBC/R_projects/LDP_SEADYNAmelias-MacBook-Pro-3:LDP_SEADYN Amelia$ git add --all